// Jest Snapshot v1, https://goo.gl/fbAQLP

exports[`[LOADING] should render Loading 1`] = `
<DocumentFragment>
  <div
    class="pokedex-loading"
    id="pokedex-loading"
  >
    <img
      alt="pokebola icon"
      class="pokedex-loading__icon"
      src="default"
    />
  </div>
</DocumentFragment>
`;
