// Jest Snapshot v1, https://goo.gl/fbAQLP

exports[`[HEADER] should render Header 1`] = `
<DocumentFragment>
  <div
    class="header-container"
    id="pokedex-header"
  >
    <img
      alt="pokedex logo"
      class="header-image"
      src="default"
    />
    <ul
      class="header-menu"
    >
      <li
        class="header-menu__item"
      >
        <a
          href="/"
        >
          Home
        </a>
      </li>
      <li
        class="header-menu__item"
      >
        <a
          href="/favorites"
        >
          Favorites
        </a>
      </li>
    </ul>
  </div>
</DocumentFragment>
`;
